🌙 今晚事件预告 | 07/27 18:00
━━━━━━━━━━━━━━━━━━━
💰 积存金: ¥892.39 (+0.70%)
📦 持仓: 47.6098g @ ¥894

📡 活跃监控条件:
  📡 观测: 美伊局势后续演变
     霍尔木兹海峡航运量跌破冲突前50%/油价持续>80美元/美军进一步增派或地面行动/伊朗实质封锁海峡/以色列直接介入
  📡 观测: 油价回落→加息预期降温→金价反弹
     布伦特较近期高点回落>8% 或 CME FedWatch 9月加息概率回落至<35%，且 XAUUSD 站稳 4000 上方
  📡 观测: 美伊停火/外交突破→战争溢价回吐
     美伊宣布停火/临时停火/巴基斯坦调停成功 且 XAUUSD单日跌幅>2%
  📡 观测: 美伊升级至核设施/以色列介入→金价破$4,200
     美军打击伊朗核设施 或 以色列直接军事介入 或 伊朗用水雷彻底封锁海峡
  📡 观测: ECB鹰派→EUR走强→DXY下行→金价突破$4,100
     ECB 7/23宣布加息 且 声明鹰派 且 DXY<100 且 XAUUSD>$4,100

💡 提醒:
• 重大数据前检查条件单是否合理
• r004: 数据前2小时不新建重仓(>10%)
• 盈亏超过阈值及时调整OCO

🤖 自动推送 · 18:00
🌙 今晚事件预告 | 07/28 18:00
━━━━━━━━━━━━━━━━━━━
💰 积存金: ¥876.96 (-1.28%)
📦 持仓: 47.6098g @ ¥894

📅 今晚数据/事件 (18:00~次日06:00 BJT):
  🟡 21:00 BJT (09:00 ET) | 美国FHFA房价指数月率
     联邦住房金融局房价指数月度环比（推算）
  🟡 21:00 BJT (09:00 ET) | 美国S&P/CS20座大城市房价指数年率
     标普/凯斯席勒20城市房价指数同比（推算）
  🟡 22:00 BJT (10:00 ET) | 美国谘商会消费者信心指数
     谘商会消费者信心指数，反映消费者对经济/就业/收入的预期（推算）
  🟡 22:00 BJT (10:00 ET) | 美国里奇蒙德联储制造业指数
     里奇蒙德联储制造业指数，反映美东中部地区制造业景气（推算）

📡 活跃监控条件:
  📡 观测: 美伊局势后续演变
     霍尔木兹海峡航运量跌破冲突前50%/油价持续>80美元/美军进一步增派或地面行动/伊朗实质封锁海峡/以色列直接介入
  📡 观测: 油价回落→加息预期降温→金价反弹
     布伦特较近期高点回落>8% 或 CME FedWatch 9月加息概率回落至<35%，且 XAUUSD 站稳 4000 上方
  📡 观测: 美伊停火/外交突破→战争溢价回吐
     美伊宣布停火/临时停火/巴基斯坦调停成功 且 XAUUSD单日跌幅>2%
  📡 观测: 美伊升级至核设施/以色列介入→金价破$4,200
     美军打击伊朗核设施 或 以色列直接军事介入 或 伊朗用水雷彻底封锁海峡
  📡 观测: ECB鹰派→EUR走强→DXY下行→金价突破$4,100
     ECB 7/23宣布加息 且 声明鹰派 且 DXY<100 且 XAUUSD>$4,100

💡 提醒:
• 重大数据前检查条件单是否合理
• r004: 数据前2小时不新建重仓(>10%)
• 盈亏超过阈值及时调整OCO

🤖 自动推送 · 18:00
🌙 今晚事件预告 | 08/04 18:00
━━━━━━━━━━━━━━━━━━━
💰 积存金: ¥880.80 (+0.21%)
📦 持仓: 47.4482g @ ¥891

📅 今晚数据/事件 (18:00~次日06:00 BJT):
  🔴 21:00 BJT (09:00 ET) | 观测: 谈判破裂+冲突再起→积存金破920→上调OCO止盈
  🔴 22:00 BJT (10:00 ET) | ISM服务业PMI
     服务业景气度指标，服务业占美国GDP约70%

📡 活跃监控条件:
  📡 观测: 美伊局势后续演变
     霍尔木兹海峡航运量跌破冲突前50%/油价持续>80美元/美军进一步增派或地面行动/伊朗实质封锁海峡/以色列直接介入
  📡 观测: 美伊停火/外交突破→战争溢价回吐
     美伊宣布停火/临时停火/巴基斯坦调停成功 且 XAUUSD单日跌幅>2%
  📡 观测: 美伊升级至核设施/以色列介入→金价破$4,200
     美军打击伊朗核设施 或 以色列直接军事介入 或 伊朗用水雷彻底封锁海峡
  📡 观测: ECB鹰派→EUR走强→DXY下行→金价突破$4,100
     ECB 7/23宣布加息 且 声明鹰派 且 DXY<100 且 XAUUSD>$4,100
  📡 观测: 停火达成→金价回3,950-4,000→评估加仓
     美伊正式宣布停火/临时停火协议达成 且 XAUUSD单日跌幅>2%

💡 提醒:
• 重大数据前检查条件单是否合理
• r004: 数据前2小时不新建重仓(>10%)
• 盈亏超过阈值及时调整OCO

🤖 自动推送 · 18:00
